21:47:30 **** Incremental Build of configuration Debug for project STM32_Project2 ****
make -j4 all 
Building file: ../src/main.c
Invoking: MCU GCC Compiler
D:\Workspace\RTOS_Workspace\STM32_Project2\Debug
arm-none-eabi-gcc -mcpu=cortex-m4 -mthumb -mfloat-abi=hard -mfpu=fpv4-sp-d16 -DSTM32 -DSTM32F4 -DSTM32F411RETx -DNUCLEO_F411RE -DDEBUG -DSTM32F411xE -DUSE_STDPERIPH_DRIVER -I"D:/Workspace/RTOS_Workspace/STM32_Project2/StdPeriph_Driver/inc" -I"D:/Workspace/RTOS_Workspace/STM32_Project2/Third-Party/FreeRTOS/org/Source/include" -I"D:/Workspace/RTOS_Workspace/STM32_Project2/Third-Party/FreeRTOS/org/Source/portable/GCC/ARM_CM4F" -I"D:/Workspace/RTOS_Workspace/STM32_Project2/Config" -I"D:/Workspace/RTOS_Workspace/STM32_Project2/Third-Party/SEGGER/SEGGER" -I"D:/Workspace/RTOS_Workspace/STM32_Project2/Third-Party/SEGGER/Config" -I"D:/Workspace/RTOS_Workspace/STM32_Project2/Third-Party/SEGGER/OS" -I"D:/Workspace/RTOS_Workspace/STM32_Project2/inc" -I"D:/Workspace/RTOS_Workspace/STM32_Project2/CMSIS/device" -I"D:/Workspace/RTOS_Workspace/STM32_Project2/CMSIS/core" -O0 -g3 -Wall -fmessage-length=0 -ffunction-sections -c -MMD -MP -MF"src/main.d" -MT"src/main.o" -o "src/main.o" "../src/main.c"
Finished building: ../src/main.c
 
Building target: STM32_Project2.elf
Invoking: MCU GCC Linker
arm-none-eabi-gcc -mcpu=cortex-m4 -mthumb -mfloat-abi=hard -mfpu=fpv4-sp-d16 -T"D:/Workspace/RTOS_Workspace/STM32_Project2/LinkerScript.ld" -Wl,-Map=output.map -Wl,--gc-sections -o "STM32_Project2.elf" @"objects.list"   -lm
Finished building target: STM32_Project2.elf
 
make --no-print-directory post-build
Generating binary and Printing size information:
arm-none-eabi-objcopy -O binary "STM32_Project2.elf" "STM32_Project2.bin"
arm-none-eabi-size "STM32_Project2.elf"
   text	   data	    bss	    dec	    hex	filename
  15420	   1120	  96740	 113280	  1ba80	STM32_Project2.elf
 
21:47:38 **** Programming project STM32_Project2 on chip ****
"D:\\Ac6\\SystemWorkbench\\plugins\\fr.ac6.mcu.externaltools.openocd.win32_1.23.0.201904120827\\tools\\openocd\\bin\\openocd.exe" -f stm32.flash.6831508786166559037.cfg -s "D:\\Workspace\\RTOS_Workspace\\STM32_Project2" -s "D:\\Ac6\\SystemWorkbench\\plugins\\fr.ac6.mcu.debug_2.5.0.201904120827\\resources\\openocd\\st_scripts" -c "program Debug/STM32_Project2.elf verify reset " -c shutdown 
Open On-Chip Debugger 0.10.0+dev-00021-g524e8c8 (2019-04-12-08:48)
Licensed under GNU GPL v2
For bug reports, read
	http://openocd.org/doc/doxygen/bugs.html
srst_only separate srst_nogate srst_open_drain connect_assert_srst
Info : The selected transport took over low-level target control. The results might differ compared to plain JTAG/SWD
adapter speed: 8000 kHz
adapter_nsrst_delay: 100
Info : clock speed 8000 kHz
Info : STLINK v2.1 JTAG v35 API v2 M26 VID 0x0483 PID 0x374B
Info : using stlink api v2
Info : Target voltage: 3.254104
Info : Unable to match requested speed 8000 kHz, using 4000 kHz
Info : Stlink adapter speed set to 4000 kHz
Info : STM32F411RETx.cpu: hardware has 6 breakpoints, 4 watchpoints
Info : Listening on port 3333 for gdb connections
target halted due to debug-request, current mode: Thread 
xPSR: 0x01000000 pc: 0x08003574 msp: 0x20020000
configuring PLL
Info : Unable to match requested speed 8000 kHz, using 4000 kHz
Info : Stlink adapter speed set to 4000 kHz
Info : Unable to match requested speed 8000 kHz, using 4000 kHz
adapter speed: 4000 kHz
** Programming Started **
auto erase enabled
Info : device id = 0x10006431
Info : flash size = 512kbytes
target halted due to breakpoint, current mode: Thread 
xPSR: 0x61000000 pc: 0x20000046 msp: 0x20020000
wrote 32768 bytes from file Debug/STM32_Project2.elf in 1.107007s (28.907 KiB/s)
** Programming Finished **
** Verify Started **
target halted due to breakpoint, current mode: Thread 
xPSR: 0x61000000 pc: 0x2000002e msp: 0x20020000
target halted due to breakpoint, current mode: Thread 
xPSR: 0x61000000 pc: 0x2000002e msp: 0x20020000
verified 16548 bytes in 0.225356s (71.709 KiB/s)
** Verified OK **
** Resetting Target **
shutdown command invoked
