11:12:30 **** Incremental Build of configuration Debug for project STM32_Project5_Power_Saving_Idle_Hook ****
make -j4 all 
Building file: ../src/main.c
Invoking: MCU GCC Compiler
D:\Workspace\RTOS_Workspace\STM32_Project5_Power_Saving_Idle_Hook\Debug
arm-none-eabi-gcc -mcpu=cortex-m4 -mthumb -mfloat-abi=hard -mfpu=fpv4-sp-d16 -DSTM32 -DSTM32F4 -DSTM32F411RETx -DNUCLEO_F411RE -DDEBUG -DSTM32F411xE -DUSE_STDPERIPH_DRIVER -I"D:/Workspace/RTOS_Workspace/STM32_Project5_Power_Saving_Idle_Hook/StdPeriph_Driver/inc" -I"D:/Workspace/RTOS_Workspace/STM32_Project5_Power_Saving_Idle_Hook/Third-Party/SEGGER/Config" -I"D:/Workspace/RTOS_Workspace/STM32_Project5_Power_Saving_Idle_Hook/Third-Party/SEGGER/OS" -I"D:/Workspace/RTOS_Workspace/STM32_Project5_Power_Saving_Idle_Hook/Third-Party/SEGGER/SEGGER" -I"D:/Workspace/RTOS_Workspace/STM32_Project5_Power_Saving_Idle_Hook/Config" -I"D:/Workspace/RTOS_Workspace/STM32_Project5_Power_Saving_Idle_Hook/Third-Party/FreeRTOS/org/Source/include" -I"D:/Workspace/RTOS_Workspace/STM32_Project5_Power_Saving_Idle_Hook/Third-Party/FreeRTOS/org/Source/portable/GCC/ARM_CM4F" -I"D:/Workspace/RTOS_Workspace/STM32_Project5_Power_Saving_Idle_Hook/inc" -I"D:/Workspace/RTOS_Workspace/STM32_Project5_Power_Saving_Idle_Hook/CMSIS/device" -I"D:/Workspace/RTOS_Workspace/STM32_Project5_Power_Saving_Idle_Hook/CMSIS/core" -O0 -g3 -Wall -fmessage-length=0 -ffunction-sections -c -MMD -MP -MF"src/main.d" -MT"src/main.o" -o "src/main.o" "../src/main.c"
Finished building: ../src/main.c
 
Building target: STM32_Project5_Power_Saving_Idle_Hook.elf
Invoking: MCU GCC Linker
arm-none-eabi-gcc -mcpu=cortex-m4 -mthumb -mfloat-abi=hard -mfpu=fpv4-sp-d16 -T"D:/Workspace/RTOS_Workspace/STM32_Project5_Power_Saving_Idle_Hook/LinkerScript.ld" -Wl,-Map=output.map -Wl,--gc-sections -o "STM32_Project5_Power_Saving_Idle_Hook.elf" @"objects.list"   -lm
Finished building target: STM32_Project5_Power_Saving_Idle_Hook.elf
 
make --no-print-directory post-build
Generating binary and Printing size information:
arm-none-eabi-objcopy -O binary "STM32_Project5_Power_Saving_Idle_Hook.elf" "STM32_Project5_Power_Saving_Idle_Hook.bin"
arm-none-eabi-size "STM32_Project5_Power_Saving_Idle_Hook.elf"
   text	   data	    bss	    dec	    hex	filename
  36004	   2532	  97064	 135600	  211b0	STM32_Project5_Power_Saving_Idle_Hook.elf
 

11:12:34 Build Finished (took 3s.822ms)

